[  +98 ms] Artifact Instance of 'MaterialFonts' is not required, skipping update.
[        ] Artifact Instance of 'GradleWrapper' is not required, skipping update.
[        ] Artifact Instance of 'AndroidGenSnapshotArtifacts' is not required, skipping update.
[        ] Artifact Instance of 'AndroidInternalBuildArtifacts' is not required, skipping update.
[        ] Artifact Instance of 'IOSEngineArtifacts' is not required, skipping update.
[        ] Artifact Instance of 'FlutterWebSdk' is not required, skipping update.
[  +16 ms] Artifact Instance of 'LegacyCanvasKitRemover' is not required, skipping update.
[        ] Artifact Instance of 'FlutterSdk' is not required, skipping update.
[        ] Artifact Instance of 'WindowsEngineArtifacts' is not required, skipping update.
[        ] Artifact Instance of 'MacOSEngineArtifacts' is not required, skipping update.
[        ] Artifact Instance of 'LinuxEngineArtifacts' is not required, skipping update.
[        ] Artifact Instance of 'LinuxFuchsiaSDKArtifacts' is not required, skipping update.
[        ] Artifact Instance of 'MacOSFuchsiaSDKArtifacts' is not required, skipping update.
[        ] Artifact Instance of 'FlutterRunnerSDKArtifacts' is not required, skipping update.
[        ] Artifact Instance of 'FlutterRunnerDebugSymbols' is not required, skipping update.
[        ] Artifact Instance of 'IosUsbArtifacts' is not required, skipping update.
[        ] Artifact Instance of 'IosUsbArtifacts' is not required, skipping update.
[        ] Artifact Instance of 'IosUsbArtifacts' is not required, skipping update.
[        ] Artifact Instance of 'IosUsbArtifacts' is not required, skipping update.
[        ] Artifact Instance of 'IosUsbArtifacts' is not required, skipping update.
[        ] Artifact Instance of 'IosUsbArtifacts' is not required, skipping update.
[        ] Artifact Instance of 'FontSubsetArtifacts' is not required, skipping update.
[        ] Artifact Instance of 'PubDependencies' is not required, skipping update.
[        ] executing: [C:\Flutter/] git -c log.showSignature=false log HEAD -n 1 --pretty=format:%ad --date=iso
[  +83 ms] Exit code 0 from: git -c log.showSignature=false log HEAD -n 1 --pretty=format:%ad --date=iso
[        ] 2026-03-25 16:21:00 -0700
[   +8 ms] Artifact Instance of 'AndroidGenSnapshotArtifacts' is not required, skipping update.
[        ] Artifact Instance of 'AndroidInternalBuildArtifacts' is not required, skipping update.
[        ] Artifact Instance of 'IOSEngineArtifacts' is not required, skipping update.
[        ] Artifact Instance of 'FlutterWebSdk' is not required, skipping update.
[        ] Artifact Instance of 'FlutterEngineStamp' is not required, skipping update.
[        ] Artifact Instance of 'LegacyCanvasKitRemover' is not required, skipping update.
[   +1 ms] Artifact Instance of 'WindowsEngineArtifacts' is not required, skipping update.
[        ] Artifact Instance of 'MacOSEngineArtifacts' is not required, skipping update.
[        ] Artifact Instance of 'LinuxEngineArtifacts' is not required, skipping update.
[        ] Artifact Instance of 'LinuxFuchsiaSDKArtifacts' is not required, skipping update.
[        ] Artifact Instance of 'MacOSFuchsiaSDKArtifacts' is not required, skipping update.
[        ] Artifact Instance of 'FlutterRunnerSDKArtifacts' is not required, skipping update.
[        ] Artifact Instance of 'FlutterRunnerDebugSymbols' is not required, skipping update.
[  +49 ms] Artifact Instance of 'MaterialFonts' is not required, skipping update.
[        ] Artifact Instance of 'GradleWrapper' is not required, skipping update.
[        ] Artifact Instance of 'AndroidGenSnapshotArtifacts' is not required, skipping update.
[        ] Artifact Instance of 'AndroidInternalBuildArtifacts' is not required, skipping update.
[        ] Artifact Instance of 'IOSEngineArtifacts' is not required, skipping update.
[        ] Artifact Instance of 'FlutterWebSdk' is not required, skipping update.
[        ] Artifact Instance of 'FlutterEngineStamp' is not required, skipping update.
[        ] Artifact Instance of 'LegacyCanvasKitRemover' is not required, skipping update.
[        ] Artifact Instance of 'FlutterSdk' is not required, skipping update.
[   +1 ms] Artifact Instance of 'MacOSEngineArtifacts' is not required, skipping update.
[        ] Artifact Instance of 'LinuxEngineArtifacts' is not required, skipping update.
[        ] Artifact Instance of 'LinuxFuchsiaSDKArtifacts' is not required, skipping update.
[        ] Artifact Instance of 'MacOSFuchsiaSDKArtifacts' is not required, skipping update.
[        ] Artifact Instance of 'FlutterRunnerSDKArtifacts' is not required, skipping update.
[        ] Artifact Instance of 'FlutterRunnerDebugSymbols' is not required, skipping update.
[        ] Artifact Instance of 'IosUsbArtifacts' is not required, skipping update.
[        ] Artifact Instance of 'IosUsbArtifacts' is not required, skipping update.
[        ] Artifact Instance of 'IosUsbArtifacts' is not required, skipping update.
[        ] Artifact Instance of 'IosUsbArtifacts' is not required, skipping update.
[        ] Artifact Instance of 'IosUsbArtifacts' is not required, skipping update.
[        ] Artifact Instance of 'IosUsbArtifacts' is not required, skipping update.
[        ] Artifact Instance of 'FontSubsetArtifacts' is not required, skipping update.
[        ] Artifact Instance of 'PubDependencies' is not required, skipping update.
[   +9 ms] executing: [C:\Users\BOGEY\Music\rav/] C:\Flutter\bin\cache\dart-sdk\bin\dart pub --suppress-analytics --directory . get --example
Resolving dependencies...
Downloading packages...
  _fe_analyzer_shared 85.0.0 (98.0.0 available)
  analyzer 7.6.0 (12.0.0 available)
  analyzer_plugin 0.13.4 (0.14.7 available)
  build 2.5.4 (4.0.5 available)
  build_config 1.1.2 (1.3.0 available)
  build_resolvers 2.5.4 (3.0.4 available)
  build_runner 2.5.4 (2.13.1 available)
  build_runner_core 9.1.2 (9.3.2 available)
  confetti 0.7.0 (0.8.0 available)
  connectivity_plus 6.1.5 (7.1.0 available)
  custom_lint_core 0.7.5 (0.8.2 available)
  custom_lint_visitor 1.0.0+7.7.0 (1.0.0+9.0.0 available)
  dart_style 3.1.1 (3.1.8 available)
  drift 2.28.2 (2.32.1 available)
  drift_dev 2.28.0 (2.32.1 available)
  drift_flutter 0.1.0 (0.3.0 available)
  figma_squircle 0.5.3 (0.6.3 available)
  fl_chart 0.68.0 (1.2.0 available)
  flutter_lints 4.0.0 (6.0.0 available)
  flutter_riverpod 2.6.1 (3.3.1 available)
  freezed 3.1.0 (3.2.5 available)
  go_router 14.8.1 (17.1.0 available)
  intl 0.19.0 (0.20.2 available)
  json_annotation 4.9.0 (4.11.0 available)
  json_serializable 6.9.5 (6.13.1 available)
  lints 4.0.0 (6.1.0 available)
  meta 1.17.0 (1.18.2 available)
  package_info_plus 8.3.1 (9.0.1 available)
  pluto_grid_plus 8.4.14 (discontinued replaced by trina_grid)
  riverpod 2.6.1 (3.2.1 available)
  riverpod_annotation 2.6.1 (4.0.2 available)
  riverpod_generator 2.6.5 (4.0.3 available)
  screen_retriever 0.1.9 (0.2.0 available)
  share_plus 11.1.0 (12.0.2 available)
  source_gen 2.0.0 (4.2.2 available)
  source_helper 1.3.7 (1.3.11 available)
  sqlite3 2.9.4 (3.2.0 available)
  sqlite3_flutter_libs 0.5.42 (0.6.0+eol available)
  sqlparser 0.41.2 (0.44.3 available)
  talker 4.9.3 (5.1.16 available)
  talker_flutter 4.9.3 (5.1.16 available)
  talker_logger 4.9.3 (5.1.16 available)
  test_api 0.7.10 (0.7.11 available)
  toastification 2.3.0 (3.0.3 available)
  vector_math 2.2.0 (2.3.0 available)
  win32 5.15.0 (6.0.0 available)
  window_manager 0.4.2 (0.5.1 available)
Got dependencies!
1 package is discontinued.
46 packages have newer versions incompatible with dependency constraints.
Try `flutter pub outdated` for more information.
[+1220 ms] Found plugin window_manager at C:\Users\BOGEY\AppData\Local\Pub\Cache\hosted\pub.dev\window_manager-0.4.2\
[   +4 ms] Found plugin screen_retriever at C:\Users\BOGEY\AppData\Local\Pub\Cache\hosted\pub.dev\screen_retriever-0.1.9\
[   +6 ms] Found plugin share_plus at C:\Users\BOGEY\AppData\Local\Pub\Cache\hosted\pub.dev\share_plus-11.1.0\
[   +2 ms] Found plugin url_launcher_windows at C:\Users\BOGEY\AppData\Local\Pub\Cache\hosted\pub.dev\url_launcher_windows-3.1.5\
[   +2 ms] Found plugin url_launcher_web at C:\Users\BOGEY\AppData\Local\Pub\Cache\hosted\pub.dev\url_launcher_web-2.4.2\
[   +3 ms] Found plugin url_launcher_linux at C:\Users\BOGEY\AppData\Local\Pub\Cache\hosted\pub.dev\url_launcher_linux-3.2.2\
[   +1 ms] Found plugin path_provider at C:\Users\BOGEY\AppData\Local\Pub\Cache\hosted\pub.dev\path_provider-2.1.5\
[   +1 ms] Found plugin path_provider_windows at C:\Users\BOGEY\AppData\Local\Pub\Cache\hosted\pub.dev\path_provider_windows-2.3.0\
[   +2 ms] Found plugin path_provider_linux at C:\Users\BOGEY\AppData\Local\Pub\Cache\hosted\pub.dev\path_provider_linux-2.2.1\
[   +2 ms] Found plugin path_provider_foundation at C:\Users\BOGEY\AppData\Local\Pub\Cache\hosted\pub.dev\path_provider_foundation-2.6.0\
[   +6 ms] Found plugin path_provider_android at C:\Users\BOGEY\AppData\Local\Pub\Cache\hosted\pub.dev\path_provider_android-2.2.23\
[   +3 ms] Found plugin url_launcher at C:\Users\BOGEY\AppData\Local\Pub\Cache\hosted\pub.dev\url_launcher-6.3.2\
[        ] Found plugin url_launcher_macos at C:\Users\BOGEY\AppData\Local\Pub\Cache\hosted\pub.dev\url_launcher_macos-3.2.5\
[        ] Found plugin url_launcher_ios at C:\Users\BOGEY\AppData\Local\Pub\Cache\hosted\pub.dev\url_launcher_ios-6.4.1\
[        ] Found plugin url_launcher_android at C:\Users\BOGEY\AppData\Local\Pub\Cache\hosted\pub.dev\url_launcher_android-6.3.29\
[   +7 ms] Found plugin shared_preferences at C:\Users\BOGEY\AppData\Local\Pub\Cache\hosted\pub.dev\shared_preferences-2.5.5\
[        ] Found plugin shared_preferences_windows at C:\Users\BOGEY\AppData\Local\Pub\Cache\hosted\pub.dev\shared_preferences_windows-2.4.1\
[   +1 ms] Found plugin shared_preferences_web at C:\Users\BOGEY\AppData\Local\Pub\Cache\hosted\pub.dev\shared_preferences_web-2.4.3\
[        ] Found plugin shared_preferences_linux at C:\Users\BOGEY\AppData\Local\Pub\Cache\hosted\pub.dev\shared_preferences_linux-2.4.1\
[        ] Found plugin shared_preferences_foundation at C:\Users\BOGEY\AppData\Local\Pub\Cache\hosted\pub.dev\shared_preferences_foundation-2.5.6\
[   +1 ms] Found plugin shared_preferences_android at C:\Users\BOGEY\AppData\Local\Pub\Cache\hosted\pub.dev\shared_preferences_android-2.4.23\
[   +1 ms] Found plugin app_links at C:\Users\BOGEY\AppData\Local\Pub\Cache\hosted\pub.dev\app_links-7.0.0\
[        ] Found plugin app_links_web at C:\Users\BOGEY\AppData\Local\Pub\Cache\hosted\pub.dev\app_links_web-1.0.4\
[   +2 ms] Found plugin app_links_linux at C:\Users\BOGEY\AppData\Local\Pub\Cache\hosted\pub.dev\app_links_linux-1.0.3\
[        ] Found plugin gtk at C:\Users\BOGEY\AppData\Local\Pub\Cache\hosted\pub.dev\gtk-2.1.0\
[        ] Found plugin sqlite3_flutter_libs at C:\Users\BOGEY\AppData\Local\Pub\Cache\hosted\pub.dev\sqlite3_flutter_libs-0.5.42\
[   +2 ms] Found plugin rive_native at C:\Users\BOGEY\AppData\Local\Pub\Cache\hosted\pub.dev\rive_native-0.1.4\
[   +2 ms] Found plugin printing at C:\Users\BOGEY\AppData\Local\Pub\Cache\hosted\pub.dev\printing-5.14.3\
[  +11 ms] Found plugin package_info_plus at C:\Users\BOGEY\AppData\Local\Pub\Cache\hosted\pub.dev\package_info_plus-8.3.1\
[   +2 ms] Found plugin open_file at C:\Users\BOGEY\AppData\Local\Pub\Cache\hosted\pub.dev\open_file-3.5.11\
[        ] Found plugin open_file_windows at C:\Users\BOGEY\AppData\Local\Pub\Cache\hosted\pub.dev\open_file_windows-0.0.3\
[   +1 ms] Found plugin open_file_web at C:\Users\BOGEY\AppData\Local\Pub\Cache\hosted\pub.dev\open_file_web-0.0.4\
[        ] Found plugin open_file_mac at C:\Users\BOGEY\AppData\Local\Pub\Cache\hosted\pub.dev\open_file_mac-1.0.4\
[        ] Found plugin open_file_linux at C:\Users\BOGEY\AppData\Local\Pub\Cache\hosted\pub.dev\open_file_linux-0.0.5\
[        ] Found plugin open_file_ios at C:\Users\BOGEY\AppData\Local\Pub\Cache\hosted\pub.dev\open_file_ios-1.0.4\
[        ] Found plugin open_file_android at C:\Users\BOGEY\AppData\Local\Pub\Cache\hosted\pub.dev\open_file_android-1.0.6\
[        ] Found plugin image_picker at C:\Users\BOGEY\AppData\Local\Pub\Cache\hosted\pub.dev\image_picker-1.2.1\
[        ] Found plugin image_picker_windows at C:\Users\BOGEY\AppData\Local\Pub\Cache\hosted\pub.dev\image_picker_windows-0.2.2\
[   +1 ms] Found plugin file_selector_windows at C:\Users\BOGEY\AppData\Local\Pub\Cache\hosted\pub.dev\file_selector_windows-0.9.3+5\
[   +1 ms] Found plugin image_picker_macos at C:\Users\BOGEY\AppData\Local\Pub\Cache\hosted\pub.dev\image_picker_macos-0.2.2+1\
[        ] Found plugin file_selector_macos at C:\Users\BOGEY\AppData\Local\Pub\Cache\hosted\pub.dev\file_selector_macos-0.9.5\
[        ] Found plugin image_picker_linux at C:\Users\BOGEY\AppData\Local\Pub\Cache\hosted\pub.dev\image_picker_linux-0.2.2\
[        ] Found plugin file_selector_linux at C:\Users\BOGEY\AppData\Local\Pub\Cache\hosted\pub.dev\file_selector_linux-0.9.4\
[        ] Found plugin image_picker_ios at C:\Users\BOGEY\AppData\Local\Pub\Cache\hosted\pub.dev\image_picker_ios-0.8.13+6\
[        ] Found plugin image_picker_for_web at C:\Users\BOGEY\AppData\Local\Pub\Cache\hosted\pub.dev\image_picker_for_web-3.1.1\
[        ] Found plugin image_picker_android at C:\Users\BOGEY\AppData\Local\Pub\Cache\hosted\pub.dev\image_picker_android-0.8.13+15\
[        ] Found plugin flutter_plugin_android_lifecycle at C:\Users\BOGEY\AppData\Local\Pub\Cache\hosted\pub.dev\flutter_plugin_android_lifecycle-2.0.34\
[   +7 ms] Found plugin flutter_acrylic at C:\Users\BOGEY\AppData\Local\Pub\Cache\hosted\pub.dev\flutter_acrylic-1.1.4\
[        ] Found plugin macos_window_utils at C:\Users\BOGEY\AppData\Local\Pub\Cache\hosted\pub.dev\macos_window_utils-1.9.1\
[   +3 ms] Found plugin convex_flutter at C:\Users\BOGEY\AppData\Local\Pub\Cache\hosted\pub.dev\convex_flutter-3.0.1\
[   +3 ms] Found plugin connectivity_plus at C:\Users\BOGEY\AppData\Local\Pub\Cache\hosted\pub.dev\connectivity_plus-6.1.5\
[   +4 ms] Found plugin sqflite at C:\Users\BOGEY\AppData\Local\Pub\Cache\hosted\pub.dev\sqflite-2.4.2\
[   +2 ms] Found plugin sqflite_darwin at C:\Users\BOGEY\AppData\Local\Pub\Cache\hosted\pub.dev\sqflite_darwin-2.4.2\
[        ] Found plugin sqflite_android at C:\Users\BOGEY\AppData\Local\Pub\Cache\hosted\pub.dev\sqflite_android-2.4.2+3\
[   +2 ms] Found plugin auth0_flutter at C:\Users\BOGEY\AppData\Local\Pub\Cache\hosted\pub.dev\auth0_flutter-2.0.0\
[   +1 ms] Found plugin audioplayers at C:\Users\BOGEY\AppData\Local\Pub\Cache\hosted\pub.dev\audioplayers-6.6.0\
[        ] Found plugin audioplayers_windows at C:\Users\BOGEY\AppData\Local\Pub\Cache\hosted\pub.dev\audioplayers_windows-4.3.0\
[   +1 ms] Found plugin audioplayers_web at C:\Users\BOGEY\AppData\Local\Pub\Cache\hosted\pub.dev\audioplayers_web-5.2.0\
[   +1 ms] Found plugin audioplayers_linux at C:\Users\BOGEY\AppData\Local\Pub\Cache\hosted\pub.dev\audioplayers_linux-4.2.1\
[   +1 ms] Found plugin audioplayers_darwin at C:\Users\BOGEY\AppData\Local\Pub\Cache\hosted\pub.dev\audioplayers_darwin-6.4.0\
[        ] Found plugin audioplayers_android at C:\Users\BOGEY\AppData\Local\Pub\Cache\hosted\pub.dev\audioplayers_android-5.2.1\
[  +96 ms] Found plugin window_manager at C:\Users\BOGEY\AppData\Local\Pub\Cache\hosted\pub.dev\window_manager-0.4.2\
[        ] Found plugin screen_retriever at C:\Users\BOGEY\AppData\Local\Pub\Cache\hosted\pub.dev\screen_retriever-0.1.9\
[   +4 ms] Found plugin share_plus at C:\Users\BOGEY\AppData\Local\Pub\Cache\hosted\pub.dev\share_plus-11.1.0\
[   +1 ms] Found plugin url_launcher_windows at C:\Users\BOGEY\AppData\Local\Pub\Cache\hosted\pub.dev\url_launcher_windows-3.1.5\
[   +1 ms] Found plugin url_launcher_web at C:\Users\BOGEY\AppData\Local\Pub\Cache\hosted\pub.dev\url_launcher_web-2.4.2\
[        ] Found plugin url_launcher_linux at C:\Users\BOGEY\AppData\Local\Pub\Cache\hosted\pub.dev\url_launcher_linux-3.2.2\
[        ] Found plugin path_provider at C:\Users\BOGEY\AppData\Local\Pub\Cache\hosted\pub.dev\path_provider-2.1.5\
[        ] Found plugin path_provider_windows at C:\Users\BOGEY\AppData\Local\Pub\Cache\hosted\pub.dev\path_provider_windows-2.3.0\
[   +1 ms] Found plugin path_provider_linux at C:\Users\BOGEY\AppData\Local\Pub\Cache\hosted\pub.dev\path_provider_linux-2.2.1\
[   +1 ms] Found plugin path_provider_foundation at C:\Users\BOGEY\AppData\Local\Pub\Cache\hosted\pub.dev\path_provider_foundation-2.6.0\
[   +2 ms] Found plugin path_provider_android at C:\Users\BOGEY\AppData\Local\Pub\Cache\hosted\pub.dev\path_provider_android-2.2.23\
[   +3 ms] Found plugin url_launcher at C:\Users\BOGEY\AppData\Local\Pub\Cache\hosted\pub.dev\url_launcher-6.3.2\
[        ] Found plugin url_launcher_macos at C:\Users\BOGEY\AppData\Local\Pub\Cache\hosted\pub.dev\url_launcher_macos-3.2.5\
[        ] Found plugin url_launcher_ios at C:\Users\BOGEY\AppData\Local\Pub\Cache\hosted\pub.dev\url_launcher_ios-6.4.1\
[        ] Found plugin url_launcher_android at C:\Users\BOGEY\AppData\Local\Pub\Cache\hosted\pub.dev\url_launcher_android-6.3.29\
[   +6 ms] Found plugin shared_preferences at C:\Users\BOGEY\AppData\Local\Pub\Cache\hosted\pub.dev\shared_preferences-2.5.5\
[        ] Found plugin shared_preferences_windows at C:\Users\BOGEY\AppData\Local\Pub\Cache\hosted\pub.dev\shared_preferences_windows-2.4.1\
[        ] Found plugin shared_preferences_web at C:\Users\BOGEY\AppData\Local\Pub\Cache\hosted\pub.dev\shared_preferences_web-2.4.3\
[        ] Found plugin shared_preferences_linux at C:\Users\BOGEY\AppData\Local\Pub\Cache\hosted\pub.dev\shared_preferences_linux-2.4.1\
[        ] Found plugin shared_preferences_foundation at C:\Users\BOGEY\AppData\Local\Pub\Cache\hosted\pub.dev\shared_preferences_foundation-2.5.6\
[        ] Found plugin shared_preferences_android at C:\Users\BOGEY\AppData\Local\Pub\Cache\hosted\pub.dev\shared_preferences_android-2.4.23\
[        ] Found plugin app_links at C:\Users\BOGEY\AppData\Local\Pub\Cache\hosted\pub.dev\app_links-7.0.0\
[        ] Found plugin app_links_web at C:\Users\BOGEY\AppData\Local\Pub\Cache\hosted\pub.dev\app_links_web-1.0.4\
[   +1 ms] Found plugin app_links_linux at C:\Users\BOGEY\AppData\Local\Pub\Cache\hosted\pub.dev\app_links_linux-1.0.3\
[        ] Found plugin gtk at C:\Users\BOGEY\AppData\Local\Pub\Cache\hosted\pub.dev\gtk-2.1.0\
[        ] Found plugin sqlite3_flutter_libs at C:\Users\BOGEY\AppData\Local\Pub\Cache\hosted\pub.dev\sqlite3_flutter_libs-0.5.42\
[   +1 ms] Found plugin rive_native at C:\Users\BOGEY\AppData\Local\Pub\Cache\hosted\pub.dev\rive_native-0.1.4\
[   +1 ms] Found plugin printing at C:\Users\BOGEY\AppData\Local\Pub\Cache\hosted\pub.dev\printing-5.14.3\
[   +6 ms] Found plugin package_info_plus at C:\Users\BOGEY\AppData\Local\Pub\Cache\hosted\pub.dev\package_info_plus-8.3.1\
[   +1 ms] Found plugin open_file at C:\Users\BOGEY\AppData\Local\Pub\Cache\hosted\pub.dev\open_file-3.5.11\
[        ] Found plugin open_file_windows at C:\Users\BOGEY\AppData\Local\Pub\Cache\hosted\pub.dev\open_file_windows-0.0.3\
[        ] Found plugin open_file_web at C:\Users\BOGEY\AppData\Local\Pub\Cache\hosted\pub.dev\open_file_web-0.0.4\
[        ] Found plugin open_file_mac at C:\Users\BOGEY\AppData\Local\Pub\Cache\hosted\pub.dev\open_file_mac-1.0.4\
[        ] Found plugin open_file_linux at C:\Users\BOGEY\AppData\Local\Pub\Cache\hosted\pub.dev\open_file_linux-0.0.5\
[        ] Found plugin open_file_ios at C:\Users\BOGEY\AppData\Local\Pub\Cache\hosted\pub.dev\open_file_ios-1.0.4\
[        ] Found plugin open_file_android at C:\Users\BOGEY\AppData\Local\Pub\Cache\hosted\pub.dev\open_file_android-1.0.6\
[        ] Found plugin image_picker at C:\Users\BOGEY\AppData\Local\Pub\Cache\hosted\pub.dev\image_picker-1.2.1\
[        ] Found plugin image_picker_windows at C:\Users\BOGEY\AppData\Local\Pub\Cache\hosted\pub.dev\image_picker_windows-0.2.2\
[   +1 ms] Found plugin file_selector_windows at C:\Users\BOGEY\AppData\Local\Pub\Cache\hosted\pub.dev\file_selector_windows-0.9.3+5\
[   +1 ms] Found plugin image_picker_macos at C:\Users\BOGEY\AppData\Local\Pub\Cache\hosted\pub.dev\image_picker_macos-0.2.2+1\
[        ] Found plugin file_selector_macos at C:\Users\BOGEY\AppData\Local\Pub\Cache\hosted\pub.dev\file_selector_macos-0.9.5\
[        ] Found plugin image_picker_linux at C:\Users\BOGEY\AppData\Local\Pub\Cache\hosted\pub.dev\image_picker_linux-0.2.2\
[        ] Found plugin file_selector_linux at C:\Users\BOGEY\AppData\Local\Pub\Cache\hosted\pub.dev\file_selector_linux-0.9.4\
[        ] Found plugin image_picker_ios at C:\Users\BOGEY\AppData\Local\Pub\Cache\hosted\pub.dev\image_picker_ios-0.8.13+6\
[        ] Found plugin image_picker_for_web at C:\Users\BOGEY\AppData\Local\Pub\Cache\hosted\pub.dev\image_picker_for_web-3.1.1\
[        ] Found plugin image_picker_android at C:\Users\BOGEY\AppData\Local\Pub\Cache\hosted\pub.dev\image_picker_android-0.8.13+15\
[        ] Found plugin flutter_plugin_android_lifecycle at C:\Users\BOGEY\AppData\Local\Pub\Cache\hosted\pub.dev\flutter_plugin_android_lifecycle-2.0.34\
[   +4 ms] Found plugin flutter_acrylic at C:\Users\BOGEY\AppData\Local\Pub\Cache\hosted\pub.dev\flutter_acrylic-1.1.4\
[        ] Found plugin macos_window_utils at C:\Users\BOGEY\AppData\Local\Pub\Cache\hosted\pub.dev\macos_window_utils-1.9.1\
[   +3 ms] Found plugin convex_flutter at C:\Users\BOGEY\AppData\Local\Pub\Cache\hosted\pub.dev\convex_flutter-3.0.1\
[   +1 ms] Found plugin connectivity_plus at C:\Users\BOGEY\AppData\Local\Pub\Cache\hosted\pub.dev\connectivity_plus-6.1.5\
[   +3 ms] Found plugin sqflite at C:\Users\BOGEY\AppData\Local\Pub\Cache\hosted\pub.dev\sqflite-2.4.2\
[   +1 ms] Found plugin sqflite_darwin at C:\Users\BOGEY\AppData\Local\Pub\Cache\hosted\pub.dev\sqflite_darwin-2.4.2\
[        ] Found plugin sqflite_android at C:\Users\BOGEY\AppData\Local\Pub\Cache\hosted\pub.dev\sqflite_android-2.4.2+3\
[   +1 ms] Found plugin auth0_flutter at C:\Users\BOGEY\AppData\Local\Pub\Cache\hosted\pub.dev\auth0_flutter-2.0.0\
[   +1 ms] Found plugin audioplayers at C:\Users\BOGEY\AppData\Local\Pub\Cache\hosted\pub.dev\audioplayers-6.6.0\
[        ] Found plugin audioplayers_windows at C:\Users\BOGEY\AppData\Local\Pub\Cache\hosted\pub.dev\audioplayers_windows-4.3.0\
[   +1 ms] Found plugin audioplayers_web at C:\Users\BOGEY\AppData\Local\Pub\Cache\hosted\pub.dev\audioplayers_web-5.2.0\
[        ] Found plugin audioplayers_linux at C:\Users\BOGEY\AppData\Local\Pub\Cache\hosted\pub.dev\audioplayers_linux-4.2.1\
[        ] Found plugin audioplayers_darwin at C:\Users\BOGEY\AppData\Local\Pub\Cache\hosted\pub.dev\audioplayers_darwin-6.4.0\
[        ] Found plugin audioplayers_android at C:\Users\BOGEY\AppData\Local\Pub\Cache\hosted\pub.dev\audioplayers_android-5.2.1\
[  +50 ms] Found plugin window_manager at C:\Users\BOGEY\AppData\Local\Pub\Cache\hosted\pub.dev\window_manager-0.4.2\
[        ] Found plugin screen_retriever at C:\Users\BOGEY\AppData\Local\Pub\Cache\hosted\pub.dev\screen_retriever-0.1.9\
[   +4 ms] Found plugin share_plus at C:\Users\BOGEY\AppData\Local\Pub\Cache\hosted\pub.dev\share_plus-11.1.0\
[        ] Found plugin url_launcher_windows at C:\Users\BOGEY\AppData\Local\Pub\Cache\hosted\pub.dev\url_launcher_windows-3.1.5\
[   +1 ms] Found plugin url_launcher_web at C:\Users\BOGEY\AppData\Local\Pub\Cache\hosted\pub.dev\url_launcher_web-2.4.2\
[   +1 ms] Found plugin url_launcher_linux at C:\Users\BOGEY\AppData\Local\Pub\Cache\hosted\pub.dev\url_launcher_linux-3.2.2\
[   +1 ms] Found plugin path_provider at C:\Users\BOGEY\AppData\Local\Pub\Cache\hosted\pub.dev\path_provider-2.1.5\
[        ] Found plugin path_provider_windows at C:\Users\BOGEY\AppData\Local\Pub\Cache\hosted\pub.dev\path_provider_windows-2.3.0\
[   +1 ms] Found plugin path_provider_linux at C:\Users\BOGEY\AppData\Local\Pub\Cache\hosted\pub.dev\path_provider_linux-2.2.1\
[        ] Found plugin path_provider_foundation at C:\Users\BOGEY\AppData\Local\Pub\Cache\hosted\pub.dev\path_provider_foundation-2.6.0\
[   +2 ms] Found plugin path_provider_android at C:\Users\BOGEY\AppData\Local\Pub\Cache\hosted\pub.dev\path_provider_android-2.2.23\
[   +3 ms] Found plugin url_launcher at C:\Users\BOGEY\AppData\Local\Pub\Cache\hosted\pub.dev\url_launcher-6.3.2\
[        ] Found plugin url_launcher_macos at C:\Users\BOGEY\AppData\Local\Pub\Cache\hosted\pub.dev\url_launcher_macos-3.2.5\
[        ] Found plugin url_launcher_ios at C:\Users\BOGEY\AppData\Local\Pub\Cache\hosted\pub.dev\url_launcher_ios-6.4.1\
[        ] Found plugin url_launcher_android at C:\Users\BOGEY\AppData\Local\Pub\Cache\hosted\pub.dev\url_launcher_android-6.3.29\
[   +6 ms] Found plugin shared_preferences at C:\Users\BOGEY\AppData\Local\Pub\Cache\hosted\pub.dev\shared_preferences-2.5.5\
[        ] Found plugin shared_preferences_windows at C:\Users\BOGEY\AppData\Local\Pub\Cache\hosted\pub.dev\shared_preferences_windows-2.4.1\
[        ] Found plugin shared_preferences_web at C:\Users\BOGEY\AppData\Local\Pub\Cache\hosted\pub.dev\shared_preferences_web-2.4.3\
[        ] Found plugin shared_preferences_linux at C:\Users\BOGEY\AppData\Local\Pub\Cache\hosted\pub.dev\shared_preferences_linux-2.4.1\
[        ] Found plugin shared_preferences_foundation at C:\Users\BOGEY\AppData\Local\Pub\Cache\hosted\pub.dev\shared_preferences_foundation-2.5.6\
[        ] Found plugin shared_preferences_android at C:\Users\BOGEY\AppData\Local\Pub\Cache\hosted\pub.dev\shared_preferences_android-2.4.23\
[        ] Found plugin app_links at C:\Users\BOGEY\AppData\Local\Pub\Cache\hosted\pub.dev\app_links-7.0.0\
[        ] Found plugin app_links_web at C:\Users\BOGEY\AppData\Local\Pub\Cache\hosted\pub.dev\app_links_web-1.0.4\
[   +1 ms] Found plugin app_links_linux at C:\Users\BOGEY\AppData\Local\Pub\Cache\hosted\pub.dev\app_links_linux-1.0.3\
[        ] Found plugin gtk at C:\Users\BOGEY\AppData\Local\Pub\Cache\hosted\pub.dev\gtk-2.1.0\
[        ] Found plugin sqlite3_flutter_libs at C:\Users\BOGEY\AppData\Local\Pub\Cache\hosted\pub.dev\sqlite3_flutter_libs-0.5.42\
[   +1 ms] Found plugin rive_native at C:\Users\BOGEY\AppData\Local\Pub\Cache\hosted\pub.dev\rive_native-0.1.4\
[   +1 ms] Found plugin printing at C:\Users\BOGEY\AppData\Local\Pub\Cache\hosted\pub.dev\printing-5.14.3\
[   +7 ms] Found plugin package_info_plus at C:\Users\BOGEY\AppData\Local\Pub\Cache\hosted\pub.dev\package_info_plus-8.3.1\
[   +1 ms] Found plugin open_file at C:\Users\BOGEY\AppData\Local\Pub\Cache\hosted\pub.dev\open_file-3.5.11\
[        ] Found plugin open_file_windows at C:\Users\BOGEY\AppData\Local\Pub\Cache\hosted\pub.dev\open_file_windows-0.0.3\
[   +1 ms] Found plugin open_file_web at C:\Users\BOGEY\AppData\Local\Pub\Cache\hosted\pub.dev\open_file_web-0.0.4\
[        ] Found plugin open_file_mac at C:\Users\BOGEY\AppData\Local\Pub\Cache\hosted\pub.dev\open_file_mac-1.0.4\
[        ] Found plugin open_file_linux at C:\Users\BOGEY\AppData\Local\Pub\Cache\hosted\pub.dev\open_file_linux-0.0.5\
[        ] Found plugin open_file_ios at C:\Users\BOGEY\AppData\Local\Pub\Cache\hosted\pub.dev\open_file_ios-1.0.4\
[        ] Found plugin open_file_android at C:\Users\BOGEY\AppData\Local\Pub\Cache\hosted\pub.dev\open_file_android-1.0.6\
[        ] Found plugin image_picker at C:\Users\BOGEY\AppData\Local\Pub\Cache\hosted\pub.dev\image_picker-1.2.1\
[        ] Found plugin image_picker_windows at C:\Users\BOGEY\AppData\Local\Pub\Cache\hosted\pub.dev\image_picker_windows-0.2.2\
[   +1 ms] Found plugin file_selector_windows at C:\Users\BOGEY\AppData\Local\Pub\Cache\hosted\pub.dev\file_selector_windows-0.9.3+5\
[   +1 ms] Found plugin image_picker_macos at C:\Users\BOGEY\AppData\Local\Pub\Cache\hosted\pub.dev\image_picker_macos-0.2.2+1\
[        ] Found plugin file_selector_macos at C:\Users\BOGEY\AppData\Local\Pub\Cache\hosted\pub.dev\file_selector_macos-0.9.5\
[        ] Found plugin image_picker_linux at C:\Users\BOGEY\AppData\Local\Pub\Cache\hosted\pub.dev\image_picker_linux-0.2.2\
[        ] Found plugin file_selector_linux at C:\Users\BOGEY\AppData\Local\Pub\Cache\hosted\pub.dev\file_selector_linux-0.9.4\
[        ] Found plugin image_picker_ios at C:\Users\BOGEY\AppData\Local\Pub\Cache\hosted\pub.dev\image_picker_ios-0.8.13+6\
[        ] Found plugin image_picker_for_web at C:\Users\BOGEY\AppData\Local\Pub\Cache\hosted\pub.dev\image_picker_for_web-3.1.1\
[        ] Found plugin image_picker_android at C:\Users\BOGEY\AppData\Local\Pub\Cache\hosted\pub.dev\image_picker_android-0.8.13+15\
[        ] Found plugin flutter_plugin_android_lifecycle at C:\Users\BOGEY\AppData\Local\Pub\Cache\hosted\pub.dev\flutter_plugin_android_lifecycle-2.0.34\
[   +5 ms] Found plugin flutter_acrylic at C:\Users\BOGEY\AppData\Local\Pub\Cache\hosted\pub.dev\flutter_acrylic-1.1.4\
[        ] Found plugin macos_window_utils at C:\Users\BOGEY\AppData\Local\Pub\Cache\hosted\pub.dev\macos_window_utils-1.9.1\
[   +3 ms] Found plugin convex_flutter at C:\Users\BOGEY\AppData\Local\Pub\Cache\hosted\pub.dev\convex_flutter-3.0.1\
[   +2 ms] Found plugin connectivity_plus at C:\Users\BOGEY\AppData\Local\Pub\Cache\hosted\pub.dev\connectivity_plus-6.1.5\
[   +4 ms] Found plugin sqflite at C:\Users\BOGEY\AppData\Local\Pub\Cache\hosted\pub.dev\sqflite-2.4.2\
[   +1 ms] Found plugin sqflite_darwin at C:\Users\BOGEY\AppData\Local\Pub\Cache\hosted\pub.dev\sqflite_darwin-2.4.2\
[        ] Found plugin sqflite_android at C:\Users\BOGEY\AppData\Local\Pub\Cache\hosted\pub.dev\sqflite_android-2.4.2+3\
[   +1 ms] Found plugin auth0_flutter at C:\Users\BOGEY\AppData\Local\Pub\Cache\hosted\pub.dev\auth0_flutter-2.0.0\
[   +1 ms] Found plugin audioplayers at C:\Users\BOGEY\AppData\Local\Pub\Cache\hosted\pub.dev\audioplayers-6.6.0\
[        ] Found plugin audioplayers_windows at C:\Users\BOGEY\AppData\Local\Pub\Cache\hosted\pub.dev\audioplayers_windows-4.3.0\
[        ] Found plugin audioplayers_web at C:\Users\BOGEY\AppData\Local\Pub\Cache\hosted\pub.dev\audioplayers_web-5.2.0\
[        ] Found plugin audioplayers_linux at C:\Users\BOGEY\AppData\Local\Pub\Cache\hosted\pub.dev\audioplayers_linux-4.2.1\
[        ] Found plugin audioplayers_darwin at C:\Users\BOGEY\AppData\Local\Pub\Cache\hosted\pub.dev\audioplayers_darwin-6.4.0\
[        ] Found plugin audioplayers_android at C:\Users\BOGEY\AppData\Local\Pub\Cache\hosted\pub.dev\audioplayers_android-5.2.1\
[   +5 ms] Generating C:\Users\BOGEY\Music\rav\android\app\src\main\java\io\flutter\plugins\GeneratedPluginRegistrant.java
[   +1 ms] Skipping generating GeneratedPluginRegistrant.java because it is up-to-date.
[   +2 ms] Skipping generating generated_plugin_registrant.h because it is up-to-date.
[   +1 ms] Skipping generating generated_plugin_registrant.cc because it is up-to-date.
[        ] Skipping generating generated_plugins.cmake because it is up-to-date.
[   +1 ms] Skipping generating generated_plugin_registrant.h because it is up-to-date.
[        ] Skipping generating generated_plugin_registrant.cc because it is up-to-date.
[        ] Skipping generating generated_plugins.cmake because it is up-to-date.
[   +1 ms] Skipping generating GeneratedPluginRegistrant.h because it is up-to-date.
[   +1 ms] Skipping generating GeneratedPluginRegistrant.m because it is up-to-date.
[   +1 ms] Skipping generating GeneratedPluginRegistrant.swift because it is up-to-date.
[  +64 ms] executing: C:\Program Files (x86)\Microsoft Visual Studio\Installer\vswhere.exe -format json -products * -utf8 -latest -version 16 -requires Microsoft.VisualStudio.Workload.NativeDesktop Microsoft.VisualStudio.Component.VC.Tools.x86.x64 Microsoft.VisualStudio.Component.VC.CMake.Project
[  +40 ms] Exit code 0 from: C:\Program Files (x86)\Microsoft Visual Studio\Installer\vswhere.exe -format json -products * -utf8 -latest -version 16 -requires Microsoft.VisualStudio.Workload.NativeDesktop Microsoft.VisualStudio.Component.VC.Tools.x86.x64 Microsoft.VisualStudio.Component.VC.CMake.Project
[        ] [
             {
               "instanceId": "669338e7",
               "installDate": "2026-02-19T16:52:35Z",
               "installationName": "VisualStudio/18.3.2+11520.95",
               "installationPath": "C:\\Program Files\\Microsoft Visual Studio\\18\\Community",
               "installationVersion": "18.3.11520.95",
               "productId": "Microsoft.VisualStudio.Product.Community",
               "productPath": "C:\\Program Files\\Microsoft Visual Studio\\18\\Community\\Common7\\IDE\\devenv.exe",
               "state": 4294967295,
               "isComplete": true,
               "isLaunchable": true,
               "isPrerelease": false,
               "isRebootRequired": false,
               "displayName": "Visual Studio Community 2026",
               "description": "Everything you need to build modern apps – free for you, built for impact.",
               "channelId": "VisualStudio.18.Release",
               "channelUri": "https://aka.ms/vs/18/stable/channel",
               "enginePath": "C:\\Program Files (x86)\\Microsoft Visual Studio\\Installer\\resources\\app\\ServiceHub\\Services\\Microsoft.VisualStudio.Setup.Service",
               "expirationDate": "2026-05-21T17:00:00+00:00",
               "installedChannelId": "VisualStudio.18.Release",
               "installedChannelUri": "https://aka.ms/vs/18/stable/channel",
               "releaseNotes": "https://docs.microsoft.com/en-us/visualstudio/releases/18/release-notes-v18.3#18.3.2",
               "resolvedInstallationPath": "C:\\Program Files\\Microsoft Visual Studio\\18\\Community",
               "retirementDate": "2026-08-19T17:00:00+00:00",
               "thirdPartyNotices": "https://go.microsoft.com/fwlink/?LinkId=661480",
               "updateDate": "2026-02-26T07:47:23.8095891Z",
               "catalog": {
                 "buildBranch": "d18.3",
                 "buildVersion": "18.3.11520.95",
                 "featureReleaseMonth": "02",
                 "featureReleaseYear": "2026",
                 "id": "VisualStudio/18.3.2+11520.95",
                 "includeBuildVersionInDisplayVersion": "False",
                 "localBuild": "build-lab",
                 "manifestName": "VisualStudio",
                 "manifestType": "installer",
                 "productDisplayVersion": "18.3.2",
                 "productLine": "Dev18",
                 "productLineVersion": "18",
                 "productMilestone": "RTW",
                 "productMilestoneIsPreRelease": "False",
                 "productName": "Visual Studio",
                 "productPatchVersion": "2",
                 "productPreReleaseMilestoneSuffix": "1.0",
                 "productRelease": "RTW",
                 "productSemanticVersion": "18.3.2+11520.95",
                 "requiredEngineVersion": "4.3.2029.11392"
               },
               "properties": {
                 "appLocalWPF": "false",
                 "campaignId": "2500:2a40e6cd474245a3a0ec99ca383a87e6",
                 "channelManifestId": "VisualStudio.18.Release/18.3.2+11520.95",
                 "includeRecommended": "1",
                 "nickname": "",
                 "setupEngineFilePath": "C:\\Program Files (x86)\\Microsoft Visual Studio\\Installer\\setup.exe"
               }
             }
           ]
[   +3 ms] Building Windows application...
[   +3 ms] executing: C:\Program Files\Microsoft Visual Studio\18\Community\Common7\IDE\CommonExtensions\Microsoft\CMake\CMake\bin\cmake.exe -S C:\Users\BOGEY\Music\rav\windows -B C:\Users\BOGEY\Music\rav\build\windows\x64 -G Visual Studio 18 2026 -A x64 -DFLUTTER_TARGET_PLATFORM=windows-x64
[  +47 ms] -- Selecting Windows SDK version 10.0.26100.0 to target Windows 10.0.26200.
[ +847 ms] -- The CXX compiler identification is MSVC 19.50.35725.0
[  +45 ms] -- Detecting CXX compiler ABI info
[ +631 ms] -- Detecting CXX compiler ABI info - done
[  +33 ms] -- Check for working CXX compiler: C:/Program Files/Microsoft Visual Studio/18/Community/VC/Tools/MSVC/14.50.35717/bin/Hostx64/x64/cl.exe - skipped
[        ] -- Detecting CXX compile features
[        ] -- Detecting CXX compile features - done
[  +34 ms] -- Nuget.exe not found, trying to download or use cached version.
[+3864 ms] Feeds used:
[        ]   C:\Users\BOGEY\.nuget\packages\
[        ]   https://api.nuget.org/v3/index.json
[  +59 ms] Attempting to gather dependency information for package 'Microsoft.Windows.ImplementationLibrary.1.0.210803.1' with respect to project 'C:\Users\BOGEY\Music\rav\build\windows\x64\packages', targeting 'Any,Version=v0.0'
[+1150 ms] Gathering dependency information took 1.14 sec
[   +7 ms] Attempting to resolve dependencies for package 'Microsoft.Windows.ImplementationLibrary.1.0.210803.1' with DependencyBehavior 'Lowest'
[  +27 ms] Resolving dependency information took 0 ms
[        ] Resolving actions to install package 'Microsoft.Windows.ImplementationLibrary.1.0.210803.1'
[   +1 ms] Resolved actions to install package 'Microsoft.Windows.ImplementationLibrary.1.0.210803.1'
[  +17 ms] Retrieving package 'Microsoft.Windows.ImplementationLibrary 1.0.210803.1' from 'C:\Users\BOGEY\.nuget\packages\'.
[  +28 ms] Adding package 'Microsoft.Windows.ImplementationLibrary.1.0.210803.1' to folder 'C:\Users\BOGEY\Music\rav\build\windows\x64\packages'
[ +167 ms] Added package 'Microsoft.Windows.ImplementationLibrary.1.0.210803.1' to folder 'C:\Users\BOGEY\Music\rav\build\windows\x64\packages'
[   +1 ms] Successfully installed 'Microsoft.Windows.ImplementationLibrary 1.0.210803.1' to C:\Users\BOGEY\Music\rav\build\windows\x64\packages
[   +1 ms] Executing nuget actions took 205 ms
[  +23 ms] -- Downloading/updating pdfium
[  +59 ms] -- Selecting Windows SDK version 10.0.26100.0 to target Windows 10.0.26200.
[ +353 ms] -- Configuring done (0.4s)
[  +26 ms] -- Generating done (0.0s)
[   +2 ms] -- Build files have been written to: C:/Users/BOGEY/Music/rav/build/windows/x64/pdfium-download
[  +84 ms] MSBuild version 18.3.0-release-26070-10+3972042b7 for .NET Framework
[ +214 ms]   1>Checking Build System
[ +142 ms]   Creating directories for 'pdfium-download'
[  +42 ms]   Building Custom Rule C:/Users/BOGEY/Music/rav/build/windows/x64/pdfium-download/CMakeLists.txt
[  +22 ms]   Performing download step (download, verify and extract) for 'pdfium-download'
[  +16 ms]   -- Downloading...
[        ]      dst='C:/Users/BOGEY/Music/rav/build/windows/x64/pdfium-download/pdfium-download-prefix/src/pdfium-win-x64.tgz'
[        ]      timeout='none'
[        ]      inactivity timeout='none'
[        ]   -- Using src='https://github.com/bblanchon/pdfium-binaries/releases/download/chromium/5200/pdfium-win-x64.tgz'
[+21053 ms]   -- Retrying...
[        ]   -- Using src='https://github.com/bblanchon/pdfium-binaries/releases/download/chromium/5200/pdfium-win-x64.tgz'
[+21041 ms]   -- Retry after 5 seconds (attempt #2) ...
[+5021 ms]   -- Using src='https://github.com/bblanchon/pdfium-binaries/releases/download/chromium/5200/pdfium-win-x64.tgz'
[+21028 ms]   -- Retry after 5 seconds (attempt #3) ...
[+5018 ms]   -- Using src='https://github.com/bblanchon/pdfium-binaries/releases/download/chromium/5200/pdfium-win-x64.tgz'
[+21045 ms]   -- Retry after 15 seconds (attempt #4) ...
[+15044 ms]   -- Using src='https://github.com/bblanchon/pdfium-binaries/releases/download/chromium/5200/pdfium-win-x64.tgz'
[+21043 ms]   -- Retry after 60 seconds (attempt #5) ...
[+60027 ms]   -- Using src='https://github.com/bblanchon/pdfium-binaries/releases/download/chromium/5200/pdfium-win-x64.tgz'
[+21033 ms]   CMake Error at pdfium-download/pdfium-download-prefix/src/pdfium-download-stamp/download-pdfium-download.cmake:163 (message):
[        ]     Each download failed!
[   +4 ms] CUSTOMBUILD : error : downloading 'https://github.com/bblanchon/pdfium-binaries/releases/download/chromium/5200/pdfium-win-x64.tgz' failed [C:\Users\BOGEY\Music\rav\build\windows\x64\pdfium-download\pdfium-download.vcxproj]
[        ]             status_code: 28
[        ]             status_string: "Timeout was reached"
[        ]             log:
[        ]             --- LOG BEGIN ---
[        ]             timeout on name lookup is not supported
[        ]     Host github.com:443 was resolved.
[        ]     IPv6: (none)
[        ]     IPv4: 140.82.121.3
[        ]       Trying 140.82.121.3:443...
[        ]     connect to 140.82.121.3 port 443 from 0.0.0.0 port 56190 failed: Timed out
[        ]     Failed to connect to github.com port 443 after 21038 ms: Could not connect
[        ]     to server
[        ]     closing connection #0
[        ]             --- LOG END ---
[        ] CUSTOMBUILD : error : downloading 'https://github.com/bblanchon/pdfium-binaries/releases/download/chromium/5200/pdfium-win-x64.tgz' failed [C:\Users\BOGEY\Music\rav\build\windows\x64\pdfium-download\pdfium-download.vcxproj]
[        ]             status_code: 28
[        ]             status_string: "Timeout was reached"
[        ]             log:
[        ]             --- LOG BEGIN ---
[        ]             timeout on name lookup is not supported
[        ]     Host github.com:443 was resolved.
[        ]     IPv6: (none)
[        ]     IPv4: 140.82.121.3
[        ]       Trying 140.82.121.3:443...
[        ]     connect to 140.82.121.3 port 443 from 0.0.0.0 port 62829 failed: Timed out
[        ]     Failed to connect to github.com port 443 after 21029 ms: Could not connect
[        ]     to server
[        ]     closing connection #0
[        ]             --- LOG END ---
[        ] CUSTOMBUILD : error : downloading 'https://github.com/bblanchon/pdfium-binaries/releases/download/chromium/5200/pdfium-win-x64.tgz' failed [C:\Users\BOGEY\Music\rav\build\windows\x64\pdfium-download\pdfium-download.vcxproj]
[        ]             status_code: 28
[        ]             status_string: "Timeout was reached"
[        ]             log:
[        ]             --- LOG BEGIN ---
[        ]             timeout on name lookup is not supported
[        ]     Host github.com:443 was resolved.
[        ]     IPv6: (none)
[        ]     IPv4: 140.82.121.3
[        ]       Trying 140.82.121.3:443...
[        ]     connect to 140.82.121.3 port 443 from 0.0.0.0 port 58942 failed: Timed out
[        ]     Failed to connect to github.com port 443 after 21026 ms: Could not connect
[        ]     to server
[        ]     closing connection #0
[        ]             --- LOG END ---
[        ] CUSTOMBUILD : error : downloading 'https://github.com/bblanchon/pdfium-binaries/releases/download/chromium/5200/pdfium-win-x64.tgz' failed [C:\Users\BOGEY\Music\rav\build\windows\x64\pdfium-download\pdfium-download.vcxproj]
[        ]             status_code: 28
[        ]             status_string: "Timeout was reached"
[        ]             log:
[        ]             --- LOG BEGIN ---
[        ]             timeout on name lookup is not supported
[        ]     Host github.com:443 was resolved.
[        ]     IPv6: (none)
[        ]     IPv4: 140.82.121.4
[        ]       Trying 140.82.121.4:443...
[        ]     connect to 140.82.121.4 port 443 from 0.0.0.0 port 64701 failed: Timed out
[        ]     Failed to connect to github.com port 443 after 21040 ms: Could not connect
[        ]     to server
[        ]     closing connection #0
[        ]             --- LOG END ---
[        ] CUSTOMBUILD : error : downloading 'https://github.com/bblanchon/pdfium-binaries/releases/download/chromium/5200/pdfium-win-x64.tgz' failed [C:\Users\BOGEY\Music\rav\build\windows\x64\pdfium-download\pdfium-download.vcxproj]
[        ]             status_code: 28
[        ]             status_string: "Timeout was reached"
[        ]             log:
[        ]             --- LOG BEGIN ---
[        ]             timeout on name lookup is not supported
[        ]     Host github.com:443 was resolved.
[        ]     IPv6: (none)
[        ]     IPv4: 140.82.121.4
[        ]       Trying 140.82.121.4:443...
[        ]     connect to 140.82.121.4 port 443 from 0.0.0.0 port 51458 failed: Timed out
[        ]     Failed to connect to github.com port 443 after 21028 ms: Could not connect
[        ]     to server
[        ]     closing connection #0
[        ]             --- LOG END ---
[        ] CUSTOMBUILD : error : downloading 'https://github.com/bblanchon/pdfium-binaries/releases/download/chromium/5200/pdfium-win-x64.tgz' failed [C:\Users\BOGEY\Music\rav\build\windows\x64\pdfium-download\pdfium-download.vcxproj]
[        ]             status_code: 28
[        ]             status_string: "Timeout was reached"
[        ]             log:
[        ]             --- LOG BEGIN ---
[        ]             timeout on name lookup is not supported
[        ]     Host github.com:443 was resolved.
[        ]     IPv6: (none)
[        ]     IPv4: 140.82.121.3
[        ]       Trying 140.82.121.3:443...
[        ]     connect to 140.82.121.3 port 443 from 0.0.0.0 port 57627 failed: Timed out
[        ]     Failed to connect to github.com port 443 after 21029 ms: Could not connect
[        ]     to server
[        ]     closing connection #0
[        ]             --- LOG END ---
[   +1 ms] C:\Program Files\Microsoft Visual Studio\18\Community\MSBuild\Microsoft\VC\v180\Microsoft.CppCommon.targets(254,5): error MSB8066: Custom build for 'C:\Users\BOGEY\Music\rav\build\windows\x64\pdfium-download\CMakeFiles\296742d8788668fe580790b13de9fd04\pdfium-download-mkdir.rule;C:\Users\BOGEY\Music\rav\build\windows\x64\pdfium-download\CMakeFiles\296742d8788668fe580790b13de9fd04\pdfium-download-download.rule;C:\Users\BOGEY\Music\rav\build\windows\x64\pdfium-download\CMakeFiles\296742d8788668fe580790b13de9fd04\pdfium-download-update.rule;C:\Users\BOGEY\Music\rav\build\windows\x64\pdfium-download\CMakeFiles\296742d8788668fe580790b13de9fd04\pdfium-download-patch.rule;C:\Users\BOGEY\Music\rav\build\windows\x64\pdfium-download\CMakeFiles\296742d8788668fe580790b13de9fd04\pdfium-download-configure.rule;C:\Users\BOGEY\Music\rav\build\windows\x64\pdfium-download\CMakeFiles\296742d8788668fe580790b13de9fd04\pdfium-download-build.rule;C:\Users\BOGEY\Music\rav\build\windows\x64\pdfium-download\CMakeFiles\296742d8788668fe580790b13de9fd04\pdfium-download-install.rule;C:\Users\BOGEY\Music\rav\build\windows\x64\pdfium-download\CMakeFiles\296742d8788668fe580790b13de9fd04\pdfium-download-test.rule;C:\Users\BOGEY\Music\rav\build\windows\x64\pdfium-download\CMakeFiles\2e6c5fe31588c0c4be195340ba104464\pdfium-download-complete.rule;C:\Users\BOGEY\Music\rav\build\windows\x64\pdfium-download\CMakeFiles\ca29e8680c4fc8714835b506dee8ff61\pdfium-download.rule;C:\Users\BOGEY\Music\rav\build\windows\x64\pdfium-download\CMakeLists.txt' exited with code 1. [C:\Users\BOGEY\Music\rav\build\windows\x64\pdfium-download\pdfium-download.vcxproj]
[  +15 ms] CMake Error at flutter/ephemeral/.plugin_symlinks/printing/windows/DownloadProject.cmake:179 (message):
[   +1 ms]   Build step for pdfium failed: 1
[        ] Call Stack (most recent call first):
[        ]   flutter/ephemeral/.plugin_symlinks/printing/windows/CMakeLists.txt:37 (download_project)
[        ] -- Configuring incomplete, errors occurred!
[   +9 ms] Building Windows application... (completed in 219.4s)
[        ] "flutter windows" took 221,210ms.
[  +51 ms] Unable to generate build files
[        ] 
           #0      throwToolExit (package:flutter_tools/src/base/common.dart:34:3)
           #1      _runCmakeGeneration (package:flutter_tools/src/windows/build_windows.dart:209:5)
           <asynchronous suspension>
           #2      buildWindows (package:flutter_tools/src/windows/build_windows.dart:105:5)
           <asynchronous suspension>
           #3      BuildWindowsCommand.runCommand (package:flutter_tools/src/commands/build_windows.dart:72:5)
           <asynchronous suspension>
           #4      FlutterCommand.run.<anonymous closure> (package:flutter_tools/src/runner/flutter_command.dart:1590:27)
           <asynchronous suspension>
           #5      AppContext.run.<anonymous closure> (package:flutter_tools/src/base/context.dart:154:19)
           <asynchronous suspension>
           #6      CommandRunner.runCommand (package:args/command_runner.dart:212:13)
           <asynchronous suspension>
           #7      FlutterCommandRunner.runCommand.<anonymous closure> (package:flutter_tools/src/runner/flutter_command_runner.dart:496:9)
           <asynchronous suspension>
           #8      AppContext.run.<anonymous closure> (package:flutter_tools/src/base/context.dart:154:19)
           <asynchronous suspension>
           #9      FlutterCommandRunner.runCommand (package:flutter_tools/src/runner/flutter_command_runner.dart:431:5)
           <asynchronous suspension>
           #10     FlutterCommandRunner.run.<anonymous closure> (package:flutter_tools/src/runner/flutter_command_runner.dart:307:33)
           <asynchronous suspension>
           #11     run.<anonymous closure>.<anonymous closure> (package:flutter_tools/runner.dart:104:11)
           <asynchronous suspension>
           #12     AppContext.run.<anonymous closure> (package:flutter_tools/src/base/context.dart:154:19)
           <asynchronous suspension>
           #13     main (package:flutter_tools/executable.dart:103:3)
           <asynchronous suspension>


[        ] Running 1 shutdown hook
[        ] Shutdown hooks complete
[ +253 ms] exiting with code 1
